a {
  background-image: url("data:image/svg+xml,%3Csvg xmlns=%22http://www.w3.org/2000/svg%22 width=%2224%22 height=%2224%22 viewBox=%220 0 24 24%22 fill=%22none%22 stroke=%22%23fff%22 stroke-width=%222%22 stroke-linecap=%22round%22 stroke-linejoin=%22round%22%3E%3Cpath d=%22M12 5v14M5 12h14%22/%3E%3C/svg%3E");
}
